Microchip MPLAB XC8 Compiler V2.05 ()

Linker command line:

-W-3 --edf=/Applications/microchip/xc8/v2.05/pic/dat/en_msgs.txt -cs \
  -h+dist/free/production/tori_pic.X.production.sym \
  --cmf=dist/free/production/tori_pic.X.production.cmf -z -Q16F1705 \
  -o/tmp/xcDgD3jPM --defsym=__MPLAB_BUILD=1 \
  -Mdist/free/production/tori_pic.X.production.map -E1 -ver=XC8 \
  -ASTACK=020DFh-0238Fh -pstack=STACK -ACODE=00h-07FFhx4 \
  -ASTRCODE=00h-01FFFh -ASTRING=00h-0FFhx32 -ACONST=00h-0FFhx32 \
  -AENTRY=00h-0FFhx32 -ACOMMON=070h-07Fh -ABANK0=020h-06Fh \
  -ABANK1=0A0h-0EFh -ABANK2=0120h-016Fh -ABANK3=01A0h-01EFh \
  -ABANK4=0220h-026Fh -ABANK5=02A0h-02EFh -ABANK6=0320h-036Fh \
  -ABANK7=03A0h-03EFh -ABANK8=0420h-046Fh -ABANK9=04A0h-04EFh \
  -ABANK10=0520h-056Fh -ABANK11=05A0h-05EFh -ABANK12=0620h-064Fh \
  -ABIGRAM=02000h-023EFh \
  -ARAM=020h-06Fh,0A0h-0EFh,0120h-016Fh,01A0h-01EFh,0220h-026Fh,02A0h-02EFh,0320h-036Fh,03A0h-03EFh,0420h-046Fh,04A0h-04EFh,0520h-056Fh,05A0h-05EFh,0620h-064Fh \
  -AABS1=020h-07Fh,0A0h-0EFh,0120h-016Fh,01A0h-01EFh,0220h-026Fh,02A0h-02EFh,0320h-036Fh,03A0h-03EFh,0420h-046Fh,04A0h-04EFh,0520h-056Fh,05A0h-05EFh,0620h-064Fh \
  -ASFR0=00h-01Fh -ASFR1=080h-09Fh -ASFR2=0100h-011Fh -ASFR3=0180h-019Fh \
  -ASFR4=0200h-021Fh -ASFR5=0280h-029Fh -ASFR6=0300h-031Fh \
  -ASFR7=0380h-039Fh -ASFR8=0400h-041Fh -ASFR9=0480h-049Fh \
  -ASFR10=0500h-051Fh -ASFR11=0580h-059Fh -ASFR12=0600h-061Fh \
  -ASFR13=0680h-06EFh -ASFR14=0700h-076Fh -ASFR15=0780h-07EFh \
  -ASFR16=0800h-086Fh -ASFR17=0880h-08EFh -ASFR18=0900h-096Fh \
  -ASFR19=0980h-09EFh -ASFR20=0A00h-0A6Fh -ASFR21=0A80h-0AEFh \
  -ASFR22=0B00h-0B6Fh -ASFR23=0B80h-0BEFh -ASFR24=0C00h-0C6Fh \
  -ASFR25=0C80h-0CEFh -ASFR26=0D00h-0D6Fh -ASFR27=0D80h-0DEFh \
  -ASFR28=0E00h-0E6Fh -ASFR29=0E80h-0EEFh -ASFR30=0F00h-0F6Fh \
  -ASFR31=0F80h-0FEFh -preset_vec=00h,intentry=04h,init,end_init \
  -ppowerup=CODE -pcinit=CODE -pfunctab=ENTRY -ACONFIG=08007h-08008h \
  -pconfig=CONFIG -DCONFIG=2 -AIDLOC=08000h-08003h -pidloc=IDLOC -DIDLOC=2 \
  -DCODE=2 -DSTRCODE=2 -DSTRING=2 -DCONST=2 -DENTRY=2 -k /tmp/xc7GJzFH7.o \
  dist/free/production/tori_pic.X.production.o 

Object code version is 3.11

Machine type is 16F1705



                Name                               Link     Load   Length Selector   Space Scale
/tmp/xc7GJzFH7.o
                end_init                             12       12        2        8       0
                reset_vec                             0        0        2        0       0
                config                             8007     8007        2    1000E       0
dist/free/production/tori_pic.X.production.o
                cinit                                14       14       46        8       0
                intentry                              4        4        E        8       0
                text79                              E1E      E1E       20     1C3C       0
                text78                              E3E      E3E       20     1C7C       0
                text77                              E5E      E5E       20     1CBC       0
                text76                              E7E      E7E       20     1CFC       0
                text75                              E9E      E9E       20     1D3C       0
                text74                              EBE      EBE       20     1D7C       0
                text73                              EDE      EDE       20     1DBC       0
                text72                              EFE      EFE       20     1DFC       0
                text71                              F1E      F1E       20     1E3C       0
                text70                              F3E      F3E       20     1E7C       0
                text69                              F5E      F5E       20     1EBC       0
                text68                              F7E      F7E       20     1EFC       0
                text67                              F9E      F9E       20     1F3C       0
                text66                              FBE      FBE       20     1F7C       0
                text65                              CCD      CCD       11     199A       0
                text64                              C81      C81        E     1902       0
                text63                              BEC      BEC        1     17D8       0
                text62                              2A4      2A4       87        8       0
                text61                              C51      C51        C     18A2       0
                text59                              C1C      C1C        8     1838       0
                text58                              786      786       26      B32       0
                text57                              21B      21B       89        8       0
                text56                              CEF      CEF       12     19DE       0
                text55                              DCD      DCD       1A     1B9A       0
                text54                              5EA      5EA       51      B32       0
                text53                              D4B      D4B       14     1A96       0
                text52                              703      703       2F      B32       0
                text51                              101      101       90        8       0
                text50                              BED      BED        1     17DA       0
                text49                              BEE      BEE        1     17DC       0
                text48                              63B      63B       46      B32       0
                text47                              4D4      4D4       65        8       0
                text46                              39A      39A       6D        8       0
                text45                               5A       5A       A7        8       0
                text44                              BF0      BF0        2     17E0       0
                text43                              D88      D88       16     1B10       0
                text42                              407      407       67        8       0
                text41                              CAD      CAD       10     195A       0
                text40                              C24      C24        9     1848       0
                text39                              D5F      D5F       14     1ABE       0
                text38                              BFF      BFF        5     17FE       0
                text37                              C04      C04        6     1808       0
                text36                              BF2      BF2        3     17E4       0
                text35                              BF5      BF5        3     17EA       0
                text34                              32B      32B       6F        8       0
                text33                              46E      46E       66        8       0
                text32                              C8F      C8F        F     191E       0
                text31                              C2D      C2D        9     185A       0
                text30                              C36      C36        9     186C       0
                text29                              C9E      C9E        F     193C       0
                text28                              599      599       51      B32       0
                text27                              BEF      BEF        1     17DE       0
                text26                              DE7      DE7       1A     1BCE       0
                text25                              C3F      C3F        9     187E       0
                text24                              681      681       43      B32       0
                text23                              D9E      D9E       16     1B3C       0
                text22                              C48      C48        9     1890       0
                text21                              D73      D73       15     1AE6       0
                text20                              75F      75F       27      B32       0
                text19                              7AC      7AC       25      B32       0
                text18                              BF8      BF8        3     17F0       0
                text17                                2        2        2        0       0
                text16                              DB4      DB4       19     1B68       0
                text15                              C0A      C0A        6     1814       0
                text14                              C10      C10        6     1820       0
                text13                              C16      C16        6     182C       0
                text12                              7D1      7D1       24      B32       0
                text11                              FDE      FDE       22     1FBC       0
                text10                              D25      D25       13     1A4A       0
                text9                               D38      D38       13     1A70       0
                text8                               CBD      CBD       10     197A       0
                text7                               C5D      C5D        C     18BA       0
                text6                               7F5      7F5        B      B32       0
                text5                               E01      E01       1D     1C02       0
                text4                               D01      D01       12     1A02       0
                text3                               BFB      BFB        4     17F6       0
                text2                               D13      D13       12     1A26       0
                text1                               732      732       2D      B32       0
                maintext                            191      191       8A        8       0
                cstackBANK0                          20       20       21       20       1
                cstackCOMMON                         70       70        8       70       1
                clrtext                             C69      C69        C     18D2       0
                inittext                            C75      C75        C     18EA       0
                dataBANK2                           120      120       3F      120       1
                bssBANK1                             A0       A0       18       A0       1
                dataBANK0                            5A       5A       11       20       1
                bssBANK0                             41       41       19       20       1
                bssCOMMON                            78       78        6       70       1
                stringtext2                         539      539       60      A72       0
                stringtext1                        1000     1000        5     2000       0
                idataBANK2                          6C4      6C4       3F      B32       0
                idataBANK0                          CDE      CDE       11     19BC       0

TOTAL           Name                               Link     Load   Length     Space
        CLASS   STACK          

        CLASS   CODE           
                end_init                             12       12        2         0
                cinit                                14       14       46         0
                intentry                              4        4        E         0
                reset_vec                             0        0        2         0
                text79                              E1E      E1E       20         0
                text78                              E3E      E3E       20         0
                text77                              E5E      E5E       20         0
                text76                              E7E      E7E       20         0
                text75                              E9E      E9E       20         0
                text74                              EBE      EBE       20         0
                text73                              EDE      EDE       20         0
                text72                              EFE      EFE       20         0
                text71                              F1E      F1E       20         0
                text70                              F3E      F3E       20         0
                text69                              F5E      F5E       20         0
                text68                              F7E      F7E       20         0
                text67                              F9E      F9E       20         0
                text66                              FBE      FBE       20         0
                text65                              CCD      CCD       11         0
                text64                              C81      C81        E         0
                text63                              BEC      BEC        1         0
                text62                              2A4      2A4       87         0
                text61                              C51      C51        C         0
                text59                              C1C      C1C        8         0
                text58                              786      786       26         0
                text57                              21B      21B       89         0
                text56                              CEF      CEF       12         0
                text55                              DCD      DCD       1A         0
                text54                              5EA      5EA       51         0
                text53                              D4B      D4B       14         0
                text52                              703      703       2F         0
                text51                              101      101       90         0
                text50                              BED      BED        1         0
                text49                              BEE      BEE        1         0
                text48                              63B      63B       46         0
                text47                              4D4      4D4       65         0
                text46                              39A      39A       6D         0
                text45                               5A       5A       A7         0
                text44                              BF0      BF0        2         0
                text43                              D88      D88       16         0
                text42                              407      407       67         0
                text41                              CAD      CAD       10         0
                text40                              C24      C24        9         0
                text39                              D5F      D5F       14         0
                text38                              BFF      BFF        5         0
                text37                              C04      C04        6         0
                text36                              BF2      BF2        3         0
                text35                              BF5      BF5        3         0
                text34                              32B      32B       6F         0
                text33                              46E      46E       66         0
                text32                              C8F      C8F        F         0
                text31                              C2D      C2D        9         0
                text30                              C36      C36        9         0
                text29                              C9E      C9E        F         0
                text28                              599      599       51         0
                text27                              BEF      BEF        1         0
                text26                              DE7      DE7       1A         0
                text25                              C3F      C3F        9         0
                text24                              681      681       43         0
                text23                              D9E      D9E       16         0
                text22                              C48      C48        9         0
                text21                              D73      D73       15         0
                text20                              75F      75F       27         0
                text19                              7AC      7AC       25         0
                text18                              BF8      BF8        3         0
                text17                                2        2        2         0
                text16                              DB4      DB4       19         0
                text15                              C0A      C0A        6         0
                text14                              C10      C10        6         0
                text13                              C16      C16        6         0
                text12                              7D1      7D1       24         0
                text11                              FDE      FDE       22         0
                text10                              D25      D25       13         0
                text9                               D38      D38       13         0
                text8                               CBD      CBD       10         0
                text7                               C5D      C5D        C         0
                text6                               7F5      7F5        B         0
                text5                               E01      E01       1D         0
                text4                               D01      D01       12         0
                text3                               BFB      BFB        4         0
                text2                               D13      D13       12         0
                text1                               732      732       2D         0
                maintext                            191      191       8A         0
                clrtext                             C69      C69        C         0
                inittext                            C75      C75        C         0
                idataBANK2                          6C4      6C4       3F         0
                idataBANK0                          CDE      CDE       11         0

        CLASS   STRCODE        
                stringtext2                         539      539       60         0
                stringtext1                        1000     1000        5         0

        CLASS   STRING         

        CLASS   CONST          

        CLASS   ENTRY          

        CLASS   COMMON         
                cstackCOMMON                         70       70        8         1
                bssCOMMON                            78       78        6         1

        CLASS   BANK0          
                cstackBANK0                          20       20       21         1
                dataBANK0                            5A       5A       11         1
                bssBANK0                             41       41       19         1

        CLASS   BANK1          
                bssBANK1                             A0       A0       18         1

        CLASS   BANK2          
                dataBANK2                           120      120       3F         1

        CLASS   BANK3          

        CLASS   BANK4          

        CLASS   BANK5          

        CLASS   BANK6          

        CLASS   BANK7          

        CLASS   BANK8          

        CLASS   BANK9          

        CLASS   BANK10         

        CLASS   BANK11         

        CLASS   BANK12         

        CLASS   BIGRAM         

        CLASS   RAM            

        CLASS   ABS1           
                abs_s1                               7E       7E        2         1
                abs_s1                              5C0      5C0       30         1
                abs_s1                              620      620       30         1
                abs_s1                             2390     2390        0         1

        CLASS   SFR0           

        CLASS   SFR1           

        CLASS   SFR2           

        CLASS   SFR3           

        CLASS   SFR4           

        CLASS   SFR5           

        CLASS   SFR6           

        CLASS   SFR7           

        CLASS   SFR8           

        CLASS   SFR9           

        CLASS   SFR10          

        CLASS   SFR11          

        CLASS   SFR12          

        CLASS   SFR13          

        CLASS   SFR14          

        CLASS   SFR15          

        CLASS   SFR16          

        CLASS   SFR17          

        CLASS   SFR18          

        CLASS   SFR19          

        CLASS   SFR20          

        CLASS   SFR21          

        CLASS   SFR22          

        CLASS   SFR23          

        CLASS   SFR24          

        CLASS   SFR25          

        CLASS   SFR26          

        CLASS   SFR27          

        CLASS   SFR28          

        CLASS   SFR29          

        CLASS   SFR30          

        CLASS   SFR31          

        CLASS   CONFIG         
                config                             8007     8007        2         0

        CLASS   IDLOC          

        CLASS   BANK31         

        CLASS   BANK30         

        CLASS   BANK29         

        CLASS   BANK28         

        CLASS   BANK27         

        CLASS   BANK26         

        CLASS   BANK25         

        CLASS   BANK24         

        CLASS   BANK23         

        CLASS   BANK22         

        CLASS   BANK21         

        CLASS   BANK20         

        CLASS   BANK19         

        CLASS   BANK18         

        CLASS   BANK17         

        CLASS   BANK16         

        CLASS   BANK15         

        CLASS   BANK14         

        CLASS   BANK13         

        CLASS   EEDATA         



SEGMENTS        Name                           Load    Length   Top    Selector   Space  Class     Delta

                text23                         000D9E  000016  000DB4      1B3C       0  CODE        2
                text43                         000D88  000016  000D9E      1B10       0  CODE        2
                text21                         000D73  000015  000D88      1AE6       0  CODE        2
                text16                         000DB4  000019  000DCD      1B68       0  CODE        2
                text5                          000E01  00001D  000E1E      1C02       0  CODE        2
                text26                         000DE7  00001A  000E01      1BCE       0  CODE        2
                text55                         000DCD  00001A  000DE7      1B9A       0  CODE        2
                text39                         000D5F  000014  000D73      1ABE       0  CODE        2
                text4                          000D01  000012  000D13      1A02       0  CODE        2
                text56                         000CEF  000012  000D01      19DE       0  CODE        2
                idataBANK0                     000CDE  000011  000CEF      19BC       0  CODE        2
                text2                          000D13  000012  000D25      1A26       0  CODE        2
                text53                         000D4B  000014  000D5F      1A96       0  CODE        2
                text9                          000D38  000013  000D4B      1A70       0  CODE        2
                text10                         000D25  000013  000D38      1A4A       0  CODE        2
                text69                         000F5E  000020  000F7E      1EBC       0  CODE        2
                text70                         000F3E  000020  000F5E      1E7C       0  CODE        2
                text71                         000F1E  000020  000F3E      1E3C       0  CODE        2
                text68                         000F7E  000020  000F9E      1EFC       0  CODE        2
                text11                         000FDE  000022  001000      1FBC       0  CODE        2
                text66                         000FBE  000020  000FDE      1F7C       0  CODE        2
                text67                         000F9E  000020  000FBE      1F3C       0  CODE        2
                text72                         000EFE  000020  000F1E      1DFC       0  CODE        2
                text77                         000E5E  000020  000E7E      1CBC       0  CODE        2
                text78                         000E3E  000020  000E5E      1C7C       0  CODE        2
                text79                         000E1E  000020  000E3E      1C3C       0  CODE        2
                text76                         000E7E  000020  000E9E      1CFC       0  CODE        2
                text73                         000EDE  000020  000EFE      1DBC       0  CODE        2
                text74                         000EBE  000020  000EDE      1D7C       0  CODE        2
                text75                         000E9E  000020  000EBE      1D3C       0  CODE        2
                text65                         000CCD  000011  000CDE      199A       0  CODE        2
                stringtext1                    001000  000005  001005      2000       0  STRCODE     2
                text38                         000BFF  000005  000C04      17FE       0  CODE        2
                text3                          000BFB  000004  000BFF      17F6       0  CODE        2
                text37                         000C04  000006  000C0A      1808       0  CODE        2
                text13                         000C16  000006  000C1C      182C       0  CODE        2
                text14                         000C10  000006  000C16      1820       0  CODE        2
                text15                         000C0A  000006  000C10      1814       0  CODE        2
                text18                         000BF8  000003  000BFB      17F0       0  CODE        2
                text49                         000BEE  000001  000BEF      17DC       0  CODE        2
                text50                         000BED  000001  000BEE      17DA       0  CODE        2
                text63                         000BEC  000001  000BED      17D8       0  CODE        2
                text27                         000BEF  000001  000BF0      17DE       0  CODE        2
                text35                         000BF5  000003  000BF8      17EA       0  CODE        2
                text36                         000BF2  000003  000BF5      17E4       0  CODE        2
                text44                         000BF0  000002  000BF2      17E0       0  CODE        2
                text64                         000C81  00000E  000C8F      1902       0  CODE        2
                inittext                       000C75  00000C  000C81      18EA       0  CODE        2
                clrtext                        000C69  00000C  000C75      18D2       0  CODE        2
                text32                         000C8F  00000F  000C9E      191E       0  CODE        2
                text8                          000CBD  000010  000CCD      197A       0  CODE        2
                text41                         000CAD  000010  000CBD      195A       0  CODE        2
                text29                         000C9E  00000F  000CAD      193C       0  CODE        2
                text7                          000C5D  00000C  000C69      18BA       0  CODE        2
                text31                         000C2D  000009  000C36      185A       0  CODE        2
                text40                         000C24  000009  000C2D      1848       0  CODE        2
                text59                         000C1C  000008  000C24      1838       0  CODE        2
                text30                         000C36  000009  000C3F      186C       0  CODE        2
                text61                         000C51  00000C  000C5D      18A2       0  CODE        2
                text22                         000C48  000009  000C51      1890       0  CODE        2
                text25                         000C3F  000009  000C48      187E       0  CODE        2
                text28                         000599  000267  000800       B32       0  CODE        2
                reset_vec                      000000  000004  000004         0       0  CODE        2
                dataBANK2                      000120  00003F  00015F       120       1  BANK2       1
                cstackBANK0                    000020  00004B  00006B        20       1  BANK0       1
                bssBANK1                       0000A0  000018  0000B8        A0       1  BANK1       1
                config                         008007  000002  008009     1000E       0  CONFIG      2
                intentry                       000004  000535  000539         8       0  CODE        2
                cstackCOMMON                   000070  00000E  00007E        70       1  COMMON      1
                stringtext2                    000539  000060  000599       A72       0  STRCODE     2


UNUSED ADDRESS RANGES

        Name                Unused          Largest block    Delta
        BANK0            0006B-0006F               5           1
        BANK1            000B8-000EF              38           1
        BANK10           00520-0056F              50           1
        BANK11           005A0-005BF              20           1
        BANK2            0015F-0016F              11           1
        BANK3            001A0-001EF              50           1
        BANK4            00220-0026F              50           1
        BANK5            002A0-002EF              50           1
        BANK6            00320-0036F              50           1
        BANK7            003A0-003EF              50           1
        BANK8            00420-0046F              50           1
        BANK9            004A0-004EF              50           1
        BIGRAM           02000-023EF             3F0           1
        CODE             00800-00BEB             3EC           2
                         01005-01FFF             7FB
        CONST            00800-00BEB             100           2
                         01005-01FFF             100
        ENTRY            00800-00BEB             100           2
                         01005-01FFF             100
        IDLOC            08000-08003               4           2
        RAM              0006B-0006F               5           1
                         000B8-000EF              38
                         0015F-0016F              11
                         001A0-001EF              50
                         00220-0026F              50
                         002A0-002EF              50
                         00320-0036F              50
                         003A0-003EF              50
                         00420-0046F              50
                         004A0-004EF              50
                         00520-0056F              50
                         005A0-005BF              20
        SFR0             00000-0001F              20           1
        SFR1             00080-0009F              20           1
        SFR10            00500-0051F              20           1
        SFR11            00580-0059F              20           1
        SFR12            00600-0061F              20           1
        SFR13            00680-006EF              70           1
        SFR14            00700-0076F              70           1
        SFR15            00780-007EF              70           1
        SFR16            00800-0086F              70           1
        SFR17            00880-008EF              70           1
        SFR18            00900-0096F              70           1
        SFR19            00980-009EF              70           1
        SFR2             00100-0011F              20           1
        SFR20            00A00-00A6F              70           1
        SFR21            00A80-00AEF              70           1
        SFR22            00B00-00B6F              70           1
        SFR23            00B80-00BEF              70           1
        SFR24            00C00-00C6F              70           1
        SFR25            00C80-00CEF              70           1
        SFR26            00D00-00D6F              70           1
        SFR27            00D80-00DEF              70           1
        SFR28            00E00-00E6F              70           1
        SFR29            00E80-00EEF              70           1
        SFR3             00180-0019F              20           1
        SFR30            00F00-00F6F              70           1
        SFR31            00F80-00FEF              70           1
        SFR4             00200-0021F              20           1
        SFR5             00280-0029F              20           1
        SFR6             00300-0031F              20           1
        SFR7             00380-0039F              20           1
        SFR8             00400-0041F              20           1
        SFR9             00480-0049F              20           1
        STACK            020DF-0238F             2B1           1
        STRCODE          00800-00BEB             3EC           2
                         01005-01FFF             FFB
        STRING           00800-00BEB             100           2
                         01005-01FFF             100

                                  Symbol Table

?_MTOUCH_Sensor_RawSample_Get                         cstackBANK0  00024
?___lwmod                                             cstackBANK0  00020
?_abs                                                 cstackBANK0  00020
?i1_abs                                               cstackCOMMON 00070
Button_Baseline_Initialize@button                     cstackBANK0  00028
Button_Baseline_Update@button                         cstackBANK0  00020
Button_DefaultCallback@button                         cstackBANK0  00020
Button_Deviation_Update@button                        cstackBANK0  00020
Button_Deviation_Update@deviation                     cstackBANK0  0002C
Button_Reading_Update@button                          cstackBANK0  0002C
Button_Reading_Update_Helper@button                   cstackBANK0  00028
Button_Service@button                                 cstackBANK0  00039
Button_Service@name                                   cstackBANK0  00038
Button_State_Initializing@button                      cstackBANK0  0002E
Button_State_NotPressed@button                        cstackBANK0  0002E
Button_State_Pressed@button                           cstackBANK0  0002E
Button_Tick_helper@button                             cstackBANK0  00020
EUSART_SetErrorHandler@interruptHandler               cstackBANK0  00020
EUSART_SetFramingErrorHandler@interruptHandler        cstackBANK0  00020
EUSART_SetOverrunErrorHandler@interruptHandler        cstackBANK0  00020
EUSART_Write@txData                                   cstackBANK0  00020
MTOUCH_Button_Initialize@button                       cstackBANK0  00025
MTOUCH_Button_Initialize@name                         cstackBANK0  00024
MTOUCH_Button_InitializeAll@button                    cstackBANK0  00028
MTOUCH_Button_ServiceAll@button                       cstackBANK0  0003C
MTOUCH_Button_Tick@i                                  cstackBANK0  00028
MTOUCH_Button_isPressed@name                          cstackBANK0  00024
MTOUCH_Sensor_Enable@sensor                           cstackBANK0  00025
MTOUCH_Sensor_Initialize@sensor                       cstackBANK0  00027
MTOUCH_Sensor_InitializeAll@sensor                    cstackBANK0  00029
MTOUCH_Sensor_RawSample_Get@name                      cstackBANK0  00027
MTOUCH_Sensor_SampleAll@sensor                        cstackBANK0  0003C
MTOUCH_Sensor_Sampled_ResetAll@sensor                 cstackBANK0  00022
MTOUCH_Sensor_wasSampled@sensor                       cstackBANK0  00025
Sensor_Acq_ExecutePacket@ADCON0_temp                  cstackBANK0  00023
Sensor_Acq_ExecutePacket@ADCON1_temp                  cstackBANK0  00024
Sensor_Acq_ExecutePacket@ADCON2_temp                  cstackBANK0  00025
Sensor_Acq_ExecutePacket@error                        cstackBANK0  00026
Sensor_Acq_ExecutePacket@sensor                       cstackBANK0  00027
Sensor_Acq_ExecuteScan@last_a                         bssBANK0     0004B
Sensor_Acq_ExecuteScan@last_b                         bssBANK0     00049
Sensor_Acq_ExecuteScan@result                         cstackCOMMON 00076
Sensor_Acquisition@retry                              cstackBANK0  00034
Sensor_Acquisition@sensor                             cstackBANK0  00035
Sensor_DefaultCallback@sensor                         cstackBANK0  00020
Sensor_RawSample_Update@sensor                        cstackBANK0  00020
Sensor_Sampled_Reset@sensor                           cstackBANK0  00020
Sensor_Scanfrequency_Evaluation@best_packet_sample    cstackBANK0  0002C
Sensor_Scanfrequency_Evaluation@best_sample_period    cstackBANK0  0002F
Sensor_Scanfrequency_Evaluation@frequency_hop         stringtext1  01000
Sensor_Scanfrequency_Evaluation@i                     cstackBANK0  00031
Sensor_Scanfrequency_Evaluation@packet_noise_Max      cstackBANK0  0002A
Sensor_Scanfrequency_Evaluation@retry                 cstackBANK0  00030
Sensor_Scanfrequency_Evaluation@sensor                cstackBANK0  0002E
Sensor_Service@error                                  cstackBANK0  00039
Sensor_Service@name                                   cstackBANK0  00038
Sensor_Service@sensor                                 cstackBANK0  0003A
Sensor_isEnabled@sensor                               cstackBANK0  00020
Sensor_setActive@sensor                               cstackBANK0  00020
Sensor_setInactive@sensor                             cstackBANK0  00020
Sensor_setSampled@sensor                              cstackBANK0  00020
Sensor_setScanFunction@sensor                         cstackBANK0  00020
TMR2_LoadPeriodRegister@periodVal                     cstackBANK0  00020
TMR2_SetInterruptHandler@InterruptHandler             cstackBANK0  00020
_ADCON0                                               (abs)        0009D
_ADCON0bits                                           (abs)        0009D
_ADCON1                                               (abs)        0009E
_ADCON2                                               (abs)        0009F
_ADRES                                                (abs)        0009B
_ANSELA                                               (abs)        0018C
_ANSELC                                               (abs)        0018E
_BAUD1CON                                             (abs)        0019F
_BORCON                                               (abs)        00116
_Button_Baseline_Initialize                           text52       00703
_Button_Baseline_Update                               text51       00101
_Button_DefaultCallback                               text50       00BED
_Button_Deviation_Update                              text57       0021B
_Button_Reading_Update                                text53       00D4B
_Button_Reading_Update_Helper                         text54       005EA
_Button_Service                                       text42       00407
_Button_StateMachine                                  dataBANK0    0005A
_Button_State_Initializing                            text46       0039A
_Button_State_NotPressed                              text45       0005A
_Button_State_Pressed                                 text47       004D4
_Button_Tick_helper                                   text20       0075F
_EUSART_DefaultErrorHandler                           (abs)        00000
_EUSART_DefaultFramingErrorHandler                    (abs)        00000
_EUSART_DefaultOverrunErrorHandler                    (abs)        00000
_EUSART_ErrorHandler                                  bssBANK0     00051
_EUSART_FramingErrorHandler                           bssBANK0     00055
_EUSART_Initialize                                    text12       007D1
_EUSART_OverrunErrorHandler                           bssBANK0     00053
_EUSART_SetErrorHandler                               text15       00C0A
_EUSART_SetFramingErrorHandler                        text14       00C10
_EUSART_SetOverrunErrorHandler                        text13       00C16
_EUSART_Write                                         text59       00C1C
_GIE                                                  (abs)        0005F
_INTCONbits                                           (abs)        0000B
_INTERRUPT_InterruptManager                           intentry     00004
_LATA                                                 (abs)        0010C
_LATC                                                 (abs)        0010E
_MTOUCH_Button_Initialize                             text48       0063B
_MTOUCH_Button_InitializeAll                          text11       00FDE
_MTOUCH_Button_ServiceAll                             text41       00CAD
_MTOUCH_Button_Tick                                   text19       007AC
_MTOUCH_Button_isPressed                              text58       00786
_MTOUCH_CVD_ScanA_0                                   text78       00E3E
_MTOUCH_CVD_ScanA_1                                   text77       00E5E
_MTOUCH_CVD_ScanA_2                                   text76       00E7E
_MTOUCH_CVD_ScanA_3                                   text75       00E9E
_MTOUCH_CVD_ScanA_4                                   text74       00EBE
_MTOUCH_CVD_ScanA_5                                   text73       00EDE
_MTOUCH_CVD_ScanA_6                                   text79       00E1E
_MTOUCH_CVD_ScanB_0                                   text71       00F1E
_MTOUCH_CVD_ScanB_1                                   text70       00F3E
_MTOUCH_CVD_ScanB_2                                   text69       00F5E
_MTOUCH_CVD_ScanB_3                                   text68       00F7E
_MTOUCH_CVD_ScanB_4                                   text67       00F9E
_MTOUCH_CVD_ScanB_5                                   text66       00FBE
_MTOUCH_CVD_ScanB_6                                   text72       00EFE
_MTOUCH_Initialize                                    text7        00C5D
_MTOUCH_Sensor_Calibrate                              text49       00BEE
_MTOUCH_Sensor_Enable                                 text10       00D25
_MTOUCH_Sensor_Initialize                             text9        00D38
_MTOUCH_Sensor_InitializeAll                          text8        00CBD
_MTOUCH_Sensor_RawSample_Get                          text55       00DCD
_MTOUCH_Sensor_SampleAll                              text23       00D9E
_MTOUCH_Sensor_Sampled_ResetAll                       text21       00D73
_MTOUCH_Sensor_Scan_Initialize                        text40       00C24
_MTOUCH_Sensor_isCalibrated                           text44       00BF0
_MTOUCH_Sensor_wasSampled                             text43       00D88
_MTOUCH_Service_Mainloop                              text16       00DB4
_MTOUCH_Tick                                          text18       00BF8
_MTOUCH_needReburst                                   text17       00002
_ODCONA                                               (abs)        0028C
_ODCONC                                               (abs)        0028E
_OPTION_REGbits                                       (abs)        00095
_OSCCON                                               (abs)        00099
_OSCILLATOR_Initialize                                text6        007F5
_OSCSTAT                                              (abs)        0009A
_OSCTUNE                                              (abs)        00098
_PIE1bits                                             (abs)        00091
_PIE2bits                                             (abs)        00092
_PIN_MANAGER_Initialize                               text5        00E01
_PIR1bits                                             (abs)        00011
_PIR2bits                                             (abs)        00012
_PLLR                                                 (abs)        004D6
_PR2                                                  (abs)        0001B
_PR4                                                  (abs)        00416
_RC1REG                                               (abs)        00199
_RC1STA                                               (abs)        0019D
_RC1STAbits                                           (abs)        0019D
_RC4PPS                                               (abs)        00EA4
_SLRCONA                                              (abs)        0030C
_SLRCONC                                              (abs)        0030E
_SP1BRGH                                              (abs)        0019C
_SP1BRGL                                              (abs)        0019B
_SYSTEM_Initialize                                    text2        00D13
_Sensor_Acq_ExecutePacket                             text34       0032B
_Sensor_Acq_ExecuteScan                               text62       002A4
_Sensor_Acquisition                                   text28       00599
_Sensor_DefaultCallback                               text27       00BEF
_Sensor_RawSample_Update                              text26       00DE7
_Sensor_Sampled_Reset                                 text22       00C48
_Sensor_Scanfrequency_Evaluation                      text33       0046E
_Sensor_Service                                       text24       00681
_Sensor_isEnabled                                     text32       00C8F
_Sensor_scanA                                         dataBANK0    00066
_Sensor_scanB                                         dataBANK0    00064
_Sensor_setActive                                     text31       00C2D
_Sensor_setInactive                                   text30       00C36
_Sensor_setSampled                                    text25       00C3F
_Sensor_setScanFunction                               text39       00D5F
_T2CON                                                (abs)        0001C
_T2CONbits                                            (abs)        0001C
_T4CON                                                (abs)        00417
_T4CONbits                                            (abs)        00417
_TMR2                                                 (abs)        0001A
_TMR2_DefaultInterruptHandler                         text63       00BEC
_TMR2_ISR                                             text61       00C51
_TMR2_Initialize                                      text4        00D01
_TMR2_InterruptHandler                                bssCOMMON    00078
_TMR2_LoadPeriodRegister                              text38       00BFF
_TMR2_SetInterruptHandler                             text37       00C04
_TMR2_StartTimer                                      text36       00BF2
_TMR2_StopTimer                                       text35       00BF5
_TMR4                                                 (abs)        00415
_TMR4_DefaultInterruptHandler                         (abs)        00000
_TMR4_InterruptHandler                                bssCOMMON    0007A
_TRISA                                                (abs)        0008C
_TRISC                                                (abs)        0008E
_TX1REG                                               (abs)        0019A
_TX1STA                                               (abs)        0019E
_TX1STAbits                                           (abs)        0019E
_WDTCON                                               (abs)        00097
_WDT_Initialize                                       text3        00BFB
_WPUA                                                 (abs)        0020C
_WPUC                                                 (abs)        0020E
__CFG_BOREN$ON                                        (abs)        00000
__CFG_BORV$LO                                         (abs)        00000
__CFG_CLKOUTEN$OFF                                    (abs)        00000
__CFG_CP$OFF                                          (abs)        00000
__CFG_FCMEN$ON                                        (abs)        00000
__CFG_FOSC$INTOSC                                     (abs)        00000
__CFG_IESO$ON                                         (abs)        00000
__CFG_LPBOR$ON                                        (abs)        00000
__CFG_LVP$ON                                          (abs)        00000
__CFG_MCLRE$ON                                        (abs)        00000
__CFG_PLLEN$ON                                        (abs)        00000
__CFG_PPS1WAY$ON                                      (abs)        00000
__CFG_PWRTE$OFF                                       (abs)        00000
__CFG_STVREN$ON                                       (abs)        00000
__CFG_WDTE$OFF                                        (abs)        00000
__CFG_WRT$OFF                                         (abs)        00000
__CFG_ZCDDIS$ON                                       (abs)        00000
__Habs1                                               abs1         00000
__Hbank0                                              bank0        00000
__Hbank1                                              bank1        00000
__Hbank10                                             bank10       00000
__Hbank11                                             bank11       00000
__Hbank12                                             bank12       00000
__Hbank13                                             bank13       00000
__Hbank14                                             bank14       00000
__Hbank15                                             bank15       00000
__Hbank16                                             bank16       00000
__Hbank17                                             bank17       00000
__Hbank18                                             bank18       00000
__Hbank19                                             bank19       00000
__Hbank2                                              bank2        00000
__Hbank20                                             bank20       00000
__Hbank21                                             bank21       00000
__Hbank22                                             bank22       00000
__Hbank23                                             bank23       00000
__Hbank24                                             bank24       00000
__Hbank25                                             bank25       00000
__Hbank26                                             bank26       00000
__Hbank27                                             bank27       00000
__Hbank28                                             bank28       00000
__Hbank29                                             bank29       00000
__Hbank3                                              bank3        00000
__Hbank30                                             bank30       00000
__Hbank31                                             bank31       00000
__Hbank4                                              bank4        00000
__Hbank5                                              bank5        00000
__Hbank6                                              bank6        00000
__Hbank7                                              bank7        00000
__Hbank8                                              bank8        00000
__Hbank9                                              bank9        00000
__Hbigram                                             bigram       00000
__HbssBANK0                                           bssBANK0     00000
__HbssBANK1                                           bssBANK1     00000
__HbssCOMMON                                          bssCOMMON    00000
__Hcinit                                              cinit        0005A
__Hclrtext                                            clrtext      00000
__Hcode                                               code         00000
__Hcommon                                             common       00000
__Hconfig                                             config       08009
__HcstackBANK0                                        cstackBANK0  00000
__HcstackCOMMON                                       cstackCOMMON 00000
__HdataBANK0                                          dataBANK0    00000
__HdataBANK2                                          dataBANK2    00000
__Heeprom_data                                        eeprom_data  00000
__Hend_init                                           end_init     00014
__Hfunctab                                            functab      00000
__HidataBANK0                                         idataBANK0   00000
__HidataBANK2                                         idataBANK2   00000
__Hidloc                                              idloc        00000
__Hinit                                               init         00012
__Hinittext                                           inittext     00000
__Hintentry                                           intentry     00012
__Hmaintext                                           maintext     00000
__Hpowerup                                            powerup      00000
__Hram                                                ram          00000
__Hreset_vec                                          reset_vec    00002
__Hsfr0                                               sfr0         00000
__Hsfr1                                               sfr1         00000
__Hsfr10                                              sfr10        00000
__Hsfr11                                              sfr11        00000
__Hsfr12                                              sfr12        00000
__Hsfr13                                              sfr13        00000
__Hsfr14                                              sfr14        00000
__Hsfr15                                              sfr15        00000
__Hsfr16                                              sfr16        00000
__Hsfr17                                              sfr17        00000
__Hsfr18                                              sfr18        00000
__Hsfr19                                              sfr19        00000
__Hsfr2                                               sfr2         00000
__Hsfr20                                              sfr20        00000
__Hsfr21                                              sfr21        00000
__Hsfr22                                              sfr22        00000
__Hsfr23                                              sfr23        00000
__Hsfr24                                              sfr24        00000
__Hsfr25                                              sfr25        00000
__Hsfr26                                              sfr26        00000
__Hsfr27                                              sfr27        00000
__Hsfr28                                              sfr28        00000
__Hsfr29                                              sfr29        00000
__Hsfr3                                               sfr3         00000
__Hsfr30                                              sfr30        00000
__Hsfr31                                              sfr31        00000
__Hsfr4                                               sfr4         00000
__Hsfr5                                               sfr5         00000
__Hsfr6                                               sfr6         00000
__Hsfr7                                               sfr7         00000
__Hsfr8                                               sfr8         00000
__Hsfr9                                               sfr9         00000
__Hspace_0                                            (abs)        08009
__Hspace_1                                            (abs)        0015F
__Hspace_2                                            (abs)        00000
__Hspace_3                                            (abs)        00000
__Hstack                                              stack        00000
__Hstrings                                            strings      00000
__Hstringtext1                                        stringtext1  00000
__Hstringtext2                                        stringtext2  00000
__Htext                                               text         00000
__Labs1                                               abs1         00000
__Lbank0                                              bank0        00000
__Lbank1                                              bank1        00000
__Lbank10                                             bank10       00000
__Lbank11                                             bank11       00000
__Lbank12                                             bank12       00000
__Lbank13                                             bank13       00000
__Lbank14                                             bank14       00000
__Lbank15                                             bank15       00000
__Lbank16                                             bank16       00000
__Lbank17                                             bank17       00000
__Lbank18                                             bank18       00000
__Lbank19                                             bank19       00000
__Lbank2                                              bank2        00000
__Lbank20                                             bank20       00000
__Lbank21                                             bank21       00000
__Lbank22                                             bank22       00000
__Lbank23                                             bank23       00000
__Lbank24                                             bank24       00000
__Lbank25                                             bank25       00000
__Lbank26                                             bank26       00000
__Lbank27                                             bank27       00000
__Lbank28                                             bank28       00000
__Lbank29                                             bank29       00000
__Lbank3                                              bank3        00000
__Lbank30                                             bank30       00000
__Lbank31                                             bank31       00000
__Lbank4                                              bank4        00000
__Lbank5                                              bank5        00000
__Lbank6                                              bank6        00000
__Lbank7                                              bank7        00000
__Lbank8                                              bank8        00000
__Lbank9                                              bank9        00000
__Lbigram                                             bigram       00000
__LbssBANK0                                           bssBANK0     00000
__LbssBANK1                                           bssBANK1     00000
__LbssCOMMON                                          bssCOMMON    00000
__Lcinit                                              cinit        00014
__Lclrtext                                            clrtext      00000
__Lcode                                               code         00000
__Lcommon                                             common       00000
__Lconfig                                             config       08007
__LcstackBANK0                                        cstackBANK0  00000
__LcstackCOMMON                                       cstackCOMMON 00000
__LdataBANK0                                          dataBANK0    00000
__LdataBANK2                                          dataBANK2    00000
__Leeprom_data                                        eeprom_data  00000
__Lend_init                                           end_init     00012
__Lfunctab                                            functab      00000
__LidataBANK0                                         idataBANK0   00000
__LidataBANK2                                         idataBANK2   00000
__Lidloc                                              idloc        00000
__Linit                                               init         00012
__Linittext                                           inittext     00000
__Lintentry                                           intentry     00004
__Lmaintext                                           maintext     00000
__Lpowerup                                            powerup      00000
__Lram                                                ram          00000
__Lreset_vec                                          reset_vec    00000
__Lsfr0                                               sfr0         00000
__Lsfr1                                               sfr1         00000
__Lsfr10                                              sfr10        00000
__Lsfr11                                              sfr11        00000
__Lsfr12                                              sfr12        00000
__Lsfr13                                              sfr13        00000
__Lsfr14                                              sfr14        00000
__Lsfr15                                              sfr15        00000
__Lsfr16                                              sfr16        00000
__Lsfr17                                              sfr17        00000
__Lsfr18                                              sfr18        00000
__Lsfr19                                              sfr19        00000
__Lsfr2                                               sfr2         00000
__Lsfr20                                              sfr20        00000
__Lsfr21                                              sfr21        00000
__Lsfr22                                              sfr22        00000
__Lsfr23                                              sfr23        00000
__Lsfr24                                              sfr24        00000
__Lsfr25                                              sfr25        00000
__Lsfr26                                              sfr26        00000
__Lsfr27                                              sfr27        00000
__Lsfr28                                              sfr28        00000
__Lsfr29                                              sfr29        00000
__Lsfr3                                               sfr3         00000
__Lsfr30                                              sfr30        00000
__Lsfr31                                              sfr31        00000
__Lsfr4                                               sfr4         00000
__Lsfr5                                               sfr5         00000
__Lsfr6                                               sfr6         00000
__Lsfr7                                               sfr7         00000
__Lsfr8                                               sfr8         00000
__Lsfr9                                               sfr9         00000
__Lspace_0                                            (abs)        00000
__Lspace_1                                            (abs)        00000
__Lspace_2                                            (abs)        00000
__Lspace_3                                            (abs)        00000
__Lstack                                              stack        00000
__Lstrings                                            strings      00000
__Lstringtext1                                        stringtext1  00000
__Lstringtext2                                        stringtext2  00000
__Ltext                                               text         00000
__S0                                                  (abs)        08009
__S1                                                  (abs)        0015F
__S2                                                  (abs)        00000
___bmul                                               text56       00CEF
___bmul@multiplicand                                  cstackBANK0  00020
___bmul@multiplier                                    cstackBANK0  00023
___bmul@product                                       cstackBANK0  00022
___int_sp                                             stack        00000
___latbits                                            (abs)        00002
___lwmod                                              text1        00732
___lwmod@counter                                      cstackBANK0  00025
___lwmod@dividend                                     cstackBANK0  00022
___lwmod@divisor                                      cstackBANK0  00020
___sp                                                 stack        00000
___stackhi                                            (abs)        0238F
___stacklo                                            (abs)        020DF
__end_ofSensor_Scanfrequency_Evaluation@frequency_hop stringtext1  01005
__end_of_Button_Baseline_Initialize                   text52       00732
__end_of_Button_Baseline_Update                       text51       00191
__end_of_Button_DefaultCallback                       text50       00BEE
__end_of_Button_Deviation_Update                      text57       002A4
__end_of_Button_Reading_Update                        text53       00D5F
__end_of_Button_Reading_Update_Helper                 text54       0063B
__end_of_Button_Service                               text42       0046E
__end_of_Button_State_Initializing                    text46       00407
__end_of_Button_State_NotPressed                      text45       00101
__end_of_Button_State_Pressed                         text47       00539
__end_of_Button_Tick_helper                           text20       00786
__end_of_EUSART_Initialize                            text12       007F5
__end_of_EUSART_SetErrorHandler                       text15       00C10
__end_of_EUSART_SetFramingErrorHandler                text14       00C16
__end_of_EUSART_SetOverrunErrorHandler                text13       00C1C
__end_of_EUSART_Write                                 text59       00C24
__end_of_INTERRUPT_InterruptManager                   intentry     00012
__end_of_MTOUCH_Button_Initialize                     text48       00681
__end_of_MTOUCH_Button_InitializeAll                  text11       01000
__end_of_MTOUCH_Button_ServiceAll                     text41       00CBD
__end_of_MTOUCH_Button_Tick                           text19       007D1
__end_of_MTOUCH_Button_isPressed                      text58       007AC
__end_of_MTOUCH_CVD_ScanA_0                           text78       00E5E
__end_of_MTOUCH_CVD_ScanA_1                           text77       00E7E
__end_of_MTOUCH_CVD_ScanA_2                           text76       00E9E
__end_of_MTOUCH_CVD_ScanA_3                           text75       00EBE
__end_of_MTOUCH_CVD_ScanA_4                           text74       00EDE
__end_of_MTOUCH_CVD_ScanA_5                           text73       00EFE
__end_of_MTOUCH_CVD_ScanA_6                           text79       00E3E
__end_of_MTOUCH_CVD_ScanB_0                           text71       00F3E
__end_of_MTOUCH_CVD_ScanB_1                           text70       00F5E
__end_of_MTOUCH_CVD_ScanB_2                           text69       00F7E
__end_of_MTOUCH_CVD_ScanB_3                           text68       00F9E
__end_of_MTOUCH_CVD_ScanB_4                           text67       00FBE
__end_of_MTOUCH_CVD_ScanB_5                           text66       00FDE
__end_of_MTOUCH_CVD_ScanB_6                           text72       00F1E
__end_of_MTOUCH_Initialize                            text7        00C69
__end_of_MTOUCH_Sensor_Calibrate                      text49       00BEF
__end_of_MTOUCH_Sensor_Enable                         text10       00D38
__end_of_MTOUCH_Sensor_Initialize                     text9        00D4B
__end_of_MTOUCH_Sensor_InitializeAll                  text8        00CCD
__end_of_MTOUCH_Sensor_RawSample_Get                  text55       00DE7
__end_of_MTOUCH_Sensor_SampleAll                      text23       00DB4
__end_of_MTOUCH_Sensor_Sampled_ResetAll               text21       00D88
__end_of_MTOUCH_Sensor_Scan_Initialize                text40       00C2D
__end_of_MTOUCH_Sensor_isCalibrated                   text44       00BF2
__end_of_MTOUCH_Sensor_wasSampled                     text43       00D9E
__end_of_MTOUCH_Service_Mainloop                      text16       00DCD
__end_of_MTOUCH_Tick                                  text18       00BFB
__end_of_MTOUCH_needReburst                           text17       00004
__end_of_OSCILLATOR_Initialize                        text6        00800
__end_of_PIN_MANAGER_Initialize                       text5        00E1E
__end_of_SYSTEM_Initialize                            text2        00D25
__end_of_Sensor_Acq_ExecutePacket                     text34       0039A
__end_of_Sensor_Acq_ExecuteScan                       text62       0032B
__end_of_Sensor_Acquisition                           text28       005EA
__end_of_Sensor_DefaultCallback                       text27       00BF0
__end_of_Sensor_RawSample_Update                      text26       00E01
__end_of_Sensor_Sampled_Reset                         text22       00C51
__end_of_Sensor_Scanfrequency_Evaluation              text33       004D4
__end_of_Sensor_Service                               text24       006C4
__end_of_Sensor_isEnabled                             text32       00C9E
__end_of_Sensor_setActive                             text31       00C36
__end_of_Sensor_setInactive                           text30       00C3F
__end_of_Sensor_setSampled                            text25       00C48
__end_of_Sensor_setScanFunction                       text39       00D73
__end_of_TMR2_DefaultInterruptHandler                 text63       00BED
__end_of_TMR2_ISR                                     text61       00C5D
__end_of_TMR2_Initialize                              text4        00D13
__end_of_TMR2_LoadPeriodRegister                      text38       00C04
__end_of_TMR2_SetInterruptHandler                     text37       00C0A
__end_of_TMR2_StartTimer                              text36       00BF5
__end_of_TMR2_StopTimer                               text35       00BF8
__end_of_WDT_Initialize                               text3        00BFF
__end_of___bmul                                       text56       00D01
__end_of___lwmod                                      text1        0075F
__end_of__initialization                              cinit        00056
__end_of_abs                                          text29       00CAD
__end_of_main                                         maintext     0021B
__end_of_mtouch_button_init                           stringtext2  00599
__end_ofi1___bmul                                     text65       00CDE
__end_ofi1_abs                                        text64       00C8F
__initialization                                      cinit        00014
__pbssBANK0                                           bssBANK0     00041
__pbssBANK1                                           bssBANK1     000A0
__pbssBIGRAM                                          (abs)        02390
__pbssCOMMON                                          bssCOMMON    00078
__pcstackBANK0                                        cstackBANK0  00020
__pcstackCOMMON                                       cstackCOMMON 00070
__pdataBANK0                                          dataBANK0    0005A
__pdataBANK2                                          dataBANK2    00120
__pidataBANK0                                         idataBANK0   00CDE
__pidataBANK2                                         idataBANK2   006C4
__pintentry                                           intentry     00004
__pmaintext                                           maintext     00191
__pstringtext1                                        stringtext1  01000
__pstringtext2                                        stringtext2  00539
__ptext1                                              text1        00732
__ptext10                                             text10       00D25
__ptext11                                             text11       00FDE
__ptext12                                             text12       007D1
__ptext13                                             text13       00C16
__ptext14                                             text14       00C10
__ptext15                                             text15       00C0A
__ptext16                                             text16       00DB4
__ptext17                                             text17       00002
__ptext18                                             text18       00BF8
__ptext19                                             text19       007AC
__ptext2                                              text2        00D13
__ptext20                                             text20       0075F
__ptext21                                             text21       00D73
__ptext22                                             text22       00C48
__ptext23                                             text23       00D9E
__ptext24                                             text24       00681
__ptext25                                             text25       00C3F
__ptext26                                             text26       00DE7
__ptext27                                             text27       00BEF
__ptext28                                             text28       00599
__ptext29                                             text29       00C9E
__ptext3                                              text3        00BFB
__ptext30                                             text30       00C36
__ptext31                                             text31       00C2D
__ptext32                                             text32       00C8F
__ptext33                                             text33       0046E
__ptext34                                             text34       0032B
__ptext35                                             text35       00BF5
__ptext36                                             text36       00BF2
__ptext37                                             text37       00C04
__ptext38                                             text38       00BFF
__ptext39                                             text39       00D5F
__ptext4                                              text4        00D01
__ptext40                                             text40       00C24
__ptext41                                             text41       00CAD
__ptext42                                             text42       00407
__ptext43                                             text43       00D88
__ptext44                                             text44       00BF0
__ptext45                                             text45       0005A
__ptext46                                             text46       0039A
__ptext47                                             text47       004D4
__ptext48                                             text48       0063B
__ptext49                                             text49       00BEE
__ptext5                                              text5        00E01
__ptext50                                             text50       00BED
__ptext51                                             text51       00101
__ptext52                                             text52       00703
__ptext53                                             text53       00D4B
__ptext54                                             text54       005EA
__ptext55                                             text55       00DCD
__ptext56                                             text56       00CEF
__ptext57                                             text57       0021B
__ptext58                                             text58       00786
__ptext59                                             text59       00C1C
__ptext6                                              text6        007F5
__ptext61                                             text61       00C51
__ptext62                                             text62       002A4
__ptext63                                             text63       00BEC
__ptext64                                             text64       00C81
__ptext65                                             text65       00CCD
__ptext66                                             text66       00FBE
__ptext67                                             text67       00F9E
__ptext68                                             text68       00F7E
__ptext69                                             text69       00F5E
__ptext7                                              text7        00C5D
__ptext70                                             text70       00F3E
__ptext71                                             text71       00F1E
__ptext72                                             text72       00EFE
__ptext73                                             text73       00EDE
__ptext74                                             text74       00EBE
__ptext75                                             text75       00E9E
__ptext76                                             text76       00E7E
__ptext77                                             text77       00E5E
__ptext78                                             text78       00E3E
__ptext79                                             text79       00E1E
__ptext8                                              text8        00CBD
__ptext9                                              text9        00D38
__size_of_Button_Baseline_Initialize                  (abs)        00000
__size_of_Button_Baseline_Update                      (abs)        00000
__size_of_Button_DefaultCallback                      (abs)        00000
__size_of_Button_Deviation_Update                     (abs)        00000
__size_of_Button_Reading_Update                       (abs)        00000
__size_of_Button_Reading_Update_Helper                (abs)        00000
__size_of_Button_Service                              (abs)        00000
__size_of_Button_State_Initializing                   (abs)        00000
__size_of_Button_State_NotPressed                     (abs)        00000
__size_of_Button_State_Pressed                        (abs)        00000
__size_of_Button_Tick_helper                          (abs)        00000
__size_of_EUSART_Initialize                           (abs)        00000
__size_of_EUSART_SetErrorHandler                      (abs)        00000
__size_of_EUSART_SetFramingErrorHandler               (abs)        00000
__size_of_EUSART_SetOverrunErrorHandler               (abs)        00000
__size_of_EUSART_Write                                (abs)        00000
__size_of_INTERRUPT_InterruptManager                  (abs)        00000
__size_of_MTOUCH_Button_Initialize                    (abs)        00000
__size_of_MTOUCH_Button_InitializeAll                 (abs)        00000
__size_of_MTOUCH_Button_ServiceAll                    (abs)        00000
__size_of_MTOUCH_Button_Tick                          (abs)        00000
__size_of_MTOUCH_Button_isPressed                     (abs)        00000
[...]
      Totals:         0       0       0       0       0       0       0       0       0       0       0       0       0       0
Total ram usage:        0 bytes
 Hardware stack levels used:    1
 This function calls:
		Nothing
 This function is called by:
		_Sensor_Acq_ExecuteScan
 This function uses a non-reentrant model


 *************** function _MTOUCH_CVD_ScanB_2 *****************
 Defined at:
		line 451 in file "mcc_generated_files/mtouch/mtouch_sensor_scan.c"
 Parameters:    Size  Location     Type
		None
 Auto vars:     Size  Location     Type
		None
 Return value:  Size  Location     Type
                  1    wreg      void 
 Registers used:
		wreg
 Tracked objects:
		On entry : 
		On exit  : 
		Unchanged: 
 Data sizes:     COMMON   BANK0   BANK1   BANK2   BANK3   BANK4   BANK5   BANK6   BANK7   BANK8   BANK9  BANK10  BANK11  BANK12
      Params:         0       0       0       0       0       0       0       0       0       0       0       0       0       0
      Locals:         0       0       0       0       0       0       0       0       0       0       0       0       0       0
      Temps:          0       0       0       0       0       0       0       0       0       0       0       0       0       0
      Totals:         0       0       0       0       0       0       0       0       0       0       0       0       0       0
Total ram usage:        0 bytes
 Hardware stack levels used:    1
 This function calls:
		Nothing
 This function is called by:
		_Sensor_Acq_ExecuteScan
 This function uses a non-reentrant model


 *************** function _MTOUCH_CVD_ScanB_1 *****************
 Defined at:
		line 324 in file "mcc_generated_files/mtouch/mtouch_sensor_scan.c"
 Parameters:    Size  Location     Type
		None
 Auto vars:     Size  Location     Type
		None
 Return value:  Size  Location     Type
                  1    wreg      void 
 Registers used:
		wreg
 Tracked objects:
		On entry : 
		On exit  : 
		Unchanged: 
 Data sizes:     COMMON   BANK0   BANK1   BANK2   BANK3   BANK4   BANK5   BANK6   BANK7   BANK8   BANK9  BANK10  BANK11  BANK12
      Params:         0       0       0       0       0       0       0       0       0       0       0       0       0       0
      Locals:         0       0       0       0       0       0       0       0       0       0       0       0       0       0
      Temps:          0       0       0       0       0       0       0       0       0       0       0       0       0       0
      Totals:         0       0       0       0       0       0       0       0       0       0       0       0       0       0
Total ram usage:        0 bytes
 Hardware stack levels used:    1
 This function calls:
		Nothing
 This function is called by:
		_Sensor_Acq_ExecuteScan
 This function uses a non-reentrant model


 *************** function _MTOUCH_CVD_ScanB_0 *****************
 Defined at:
		line 197 in file "mcc_generated_files/mtouch/mtouch_sensor_scan.c"
 Parameters:    Size  Location     Type
		None
 Auto vars:     Size  Location     Type
		None
 Return value:  Size  Location     Type
                  1    wreg      void 
 Registers used:
		wreg
 Tracked objects:
		On entry : 
		On exit  : 
		Unchanged: 
 Data sizes:     COMMON   BANK0   BANK1   BANK2   BANK3   BANK4   BANK5   BANK6   BANK7   BANK8   BANK9  BANK10  BANK11  BANK12
      Params:         0       0       0       0       0       0       0       0       0       0       0       0       0       0
      Locals:         0       0       0       0       0       0       0       0       0       0       0       0       0       0
      Temps:          0       0       0       0       0       0       0       0       0       0       0       0       0       0
      Totals:         0       0       0       0       0       0       0       0       0       0       0       0       0       0
Total ram usage:        0 bytes
 Hardware stack levels used:    1
 This function calls:
		Nothing
 This function is called by:
		_Sensor_Acq_ExecuteScan
 This function uses a non-reentrant model


 *************** function _MTOUCH_CVD_ScanB_6 *****************
 Defined at:
		line 959 in file "mcc_generated_files/mtouch/mtouch_sensor_scan.c"
 Parameters:    Size  Location     Type
		None
 Auto vars:     Size  Location     Type
		None
 Return value:  Size  Location     Type
                  1    wreg      void 
 Registers used:
		wreg
 Tracked objects:
		On entry : 
		On exit  : 
		Unchanged: 
 Data sizes:     COMMON   BANK0   BANK1   BANK2   BANK3   BANK4   BANK5   BANK6   BANK7   BANK8   BANK9  BANK10  BANK11  BANK12
      Params:         0       0       0       0       0       0       0       0       0       0       0       0       0       0
      Locals:         0       0       0       0       0       0       0       0       0       0       0       0       0       0
      Temps:          0       0       0       0       0       0       0       0       0       0       0       0       0       0
      Totals:         0       0       0       0       0       0       0       0       0       0       0       0       0       0
Total ram usage:        0 bytes
 Hardware stack levels used:    1
 This function calls:
		Nothing
 This function is called by:
		_Sensor_Acq_ExecuteScan
 This function uses a non-reentrant model


 *************** function _MTOUCH_CVD_ScanA_5 *****************
 Defined at:
		line 769 in file "mcc_generated_files/mtouch/mtouch_sensor_scan.c"
 Parameters:    Size  Location     Type
		None
 Auto vars:     Size  Location     Type
		None
 Return value:  Size  Location     Type
                  1    wreg      void 
 Registers used:
		wreg
 Tracked objects:
		On entry : 
		On exit  : 
		Unchanged: 
 Data sizes:     COMMON   BANK0   BANK1   BANK2   BANK3   BANK4   BANK5   BANK6   BANK7   BANK8   BANK9  BANK10  BANK11  BANK12
      Params:         0       0       0       0       0       0       0       0       0       0       0       0       0       0
      Locals:         0       0       0       0       0       0       0       0       0       0       0       0       0       0
      Temps:          0       0       0       0       0       0       0       0       0       0       0       0       0       0
      Totals:         0       0       0       0       0       0       0       0       0       0       0       0       0       0
Total ram usage:        0 bytes
 Hardware stack levels used:    1
 This function calls:
		Nothing
 This function is called by:
		_Sensor_Acq_ExecuteScan
 This function uses a non-reentrant model


 *************** function _MTOUCH_CVD_ScanA_4 *****************
 Defined at:
		line 642 in file "mcc_generated_files/mtouch/mtouch_sensor_scan.c"
 Parameters:    Size  Location     Type
		None
 Auto vars:     Size  Location     Type
		None
 Return value:  Size  Location     Type
                  1    wreg      void 
 Registers used:
		wreg
 Tracked objects:
		On entry : 
		On exit  : 
		Unchanged: 
 Data sizes:     COMMON   BANK0   BANK1   BANK2   BANK3   BANK4   BANK5   BANK6   BANK7   BANK8   BANK9  BANK10  BANK11  BANK12
      Params:         0       0       0       0       0       0       0       0       0       0       0       0       0       0
      Locals:         0       0       0       0       0       0       0       0       0       0       0       0       0       0
      Temps:          0       0       0       0       0       0       0       0       0       0       0       0       0       0
      Totals:         0       0       0       0       0       0       0       0       0       0       0       0       0       0
Total ram usage:        0 bytes
 Hardware stack levels used:    1
 This function calls:
		Nothing
 This function is called by:
		_Sensor_Acq_ExecuteScan
 This function uses a non-reentrant model


 *************** function _MTOUCH_CVD_ScanA_3 *****************
 Defined at:
		line 515 in file "mcc_generated_files/mtouch/mtouch_sensor_scan.c"
 Parameters:    Size  Location     Type
		None
 Auto vars:     Size  Location     Type
		None
 Return value:  Size  Location     Type
                  1    wreg      void 
 Registers used:
		wreg
 Tracked objects:
		On entry : 
		On exit  : 
		Unchanged: 
 Data sizes:     COMMON   BANK0   BANK1   BANK2   BANK3   BANK4   BANK5   BANK6   BANK7   BANK8   BANK9  BANK10  BANK11  BANK12
      Params:         0       0       0       0       0       0       0       0       0       0       0       0       0       0
      Locals:         0       0       0       0       0       0       0       0       0       0       0       0       0       0
      Temps:          0       0       0       0       0       0       0       0       0       0       0       0       0       0
      Totals:         0       0       0       0       0       0       0       0       0       0       0       0       0       0
Total ram usage:        0 bytes
 Hardware stack levels used:    1
 This function calls:
		Nothing
 This function is called by:
		_Sensor_Acq_ExecuteScan
 This function uses a non-reentrant model


 *************** function _MTOUCH_CVD_ScanA_2 *****************
 Defined at:
		line 388 in file "mcc_generated_files/mtouch/mtouch_sensor_scan.c"
 Parameters:    Size  Location     Type
		None
 Auto vars:     Size  Location     Type
		None
 Return value:  Size  Location     Type
                  1    wreg      void 
 Registers used:
		wreg
 Tracked objects:
		On entry : 
		On exit  : 
		Unchanged: 
 Data sizes:     COMMON   BANK0   BANK1   BANK2   BANK3   BANK4   BANK5   BANK6   BANK7   BANK8   BANK9  BANK10  BANK11  BANK12
      Params:         0       0       0       0       0       0       0       0       0       0       0       0       0       0
      Locals:         0       0       0       0       0       0       0       0       0       0       0       0       0       0
      Temps:          0       0       0       0       0       0       0       0       0       0       0       0       0       0
      Totals:         0       0       0       0       0       0       0       0       0       0       0       0       0       0
Total ram usage:        0 bytes
 Hardware stack levels used:    1
 This function calls:
		Nothing
 This function is called by:
		_Sensor_Acq_ExecuteScan
 This function uses a non-reentrant model


 *************** function _MTOUCH_CVD_ScanA_1 *****************
 Defined at:
		line 261 in file "mcc_generated_files/mtouch/mtouch_sensor_scan.c"
 Parameters:    Size  Location     Type
		None
 Auto vars:     Size  Location     Type
		None
 Return value:  Size  Location     Type
                  1    wreg      void 
 Registers used:
		wreg
 Tracked objects:
		On entry : 
		On exit  : 
		Unchanged: 
 Data sizes:     COMMON   BANK0   BANK1   BANK2   BANK3   BANK4   BANK5   BANK6   BANK7   BANK8   BANK9  BANK10  BANK11  BANK12
      Params:         0       0       0       0       0       0       0       0       0       0       0       0       0       0
      Locals:         0       0       0       0       0       0       0       0       0       0       0       0       0       0
      Temps:          0       0       0       0       0       0       0       0       0       0       0       0       0       0
      Totals:         0       0       0       0       0       0       0       0       0       0       0       0       0       0
Total ram usage:        0 bytes
 Hardware stack levels used:    1
 This function calls:
		Nothing
 This function is called by:
		_Sensor_Acq_ExecuteScan
 This function uses a non-reentrant model


 *************** function _MTOUCH_CVD_ScanA_0 *****************
 Defined at:
		line 134 in file "mcc_generated_files/mtouch/mtouch_sensor_scan.c"
 Parameters:    Size  Location     Type
		None
 Auto vars:     Size  Location     Type
		None
 Return value:  Size  Location     Type
                  1    wreg      void 
 Registers used:
		wreg
 Tracked objects:
		On entry : 
		On exit  : 
		Unchanged: 
 Data sizes:     COMMON   BANK0   BANK1   BANK2   BANK3   BANK4   BANK5   BANK6   BANK7   BANK8   BANK9  BANK10  BANK11  BANK12
      Params:         0       0       0       0       0       0       0       0       0       0       0       0       0       0
      Locals:         0       0       0       0       0       0       0       0       0       0       0       0       0       0
      Temps:          0       0       0       0       0       0       0       0       0       0       0       0       0       0
      Totals:         0       0       0       0       0       0       0       0       0       0       0       0       0       0
Total ram usage:        0 bytes
 Hardware stack levels used:    1
 This function calls:
		Nothing
 This function is called by:
		_Sensor_Acq_ExecuteScan
 This function uses a non-reentrant model


 *************** function _MTOUCH_CVD_ScanA_6 *****************
 Defined at:
		line 896 in file "mcc_generated_files/mtouch/mtouch_sensor_scan.c"
 Parameters:    Size  Location     Type
		None
 Auto vars:     Size  Location     Type
		None
 Return value:  Size  Location     Type
                  1    wreg      void 
 Registers used:
		wreg
 Tracked objects:
		On entry : 
		On exit  : 
		Unchanged: 
 Data sizes:     COMMON   BANK0   BANK1   BANK2   BANK3   BANK4   BANK5   BANK6   BANK7   BANK8   BANK9  BANK10  BANK11  BANK12
      Params:         0       0       0       0       0       0       0       0       0       0       0       0       0       0
      Locals:         0       0       0       0       0       0       0       0       0       0       0       0       0       0
      Temps:          0       0       0       0       0       0       0       0       0       0       0       0       0       0
      Totals:         0       0       0       0       0       0       0       0       0       0       0       0       0       0
Total ram usage:        0 bytes
 Hardware stack levels used:    1
 This function calls:
		Nothing
 This function is called by:
		_Sensor_Acq_ExecuteScan
 This function uses a non-reentrant model



MODULE INFORMATION

Module		Function		Class		Link	Load	Size
mcc_generated_files/mtouch/mtouch_button.c
		_Button_Deviation_Update		CODE           	021B	0000	138
		_MTOUCH_Button_isPressed		CODE           	0786	0000	39
		_MTOUCH_Button_Initialize		CODE           	063B	0000	71
		_Button_Tick_helper		CODE           	075F	0000	40
		_MTOUCH_Button_InitializeAll		CODE           	0FDE	0000	35
		_Button_Baseline_Update		CODE           	0101	0000	145
		_Button_State_Pressed		CODE           	04D4	0000	102
		_Button_Reading_Update		CODE           	0D4B	0000	21
		_Button_DefaultCallback		CODE           	0BED	0000	2
		_MTOUCH_Button_Tick		CODE           	07AC	0000	38
		_Button_State_NotPressed		CODE           	005A	0000	168
		_Button_Reading_Update_Helper		CODE           	05EA	0000	82
		_Button_Service		CODE           	0407	0000	104
		_Button_State_Initializing		CODE           	039A	0000	110
		_MTOUCH_Button_ServiceAll		CODE           	0CAD	0000	17
		_Button_Baseline_Initialize		CODE           	0703	0000	48

mcc_generated_files/mtouch/mtouch_button.c estimated size: 1160

mcc_generated_files/tmr2.c
		_TMR2_ISR      		CODE           	0C51	0000	13
		_TMR2_LoadPeriodRegister		CODE           	0BFF	0000	6
		_TMR2_Initialize		CODE           	0D01	0000	19
		_TMR2_SetInterruptHandler		CODE           	0C04	0000	7
		_TMR2_StopTimer		CODE           	0BF5	0000	4
		_TMR2_DefaultInterruptHandler		CODE           	0BEC	0000	2
		_TMR2_StartTimer		CODE           	0BF2	0000	4

mcc_generated_files/tmr2.c estimated size: 55

mcc_generated_files/interrupt_manager.c
		_INTERRUPT_InterruptManager		CODE           	0004	0000	15

mcc_generated_files/interrupt_manager.c estimated size: 15

mcc_generated_files/mtouch/mtouch.c
		_MTOUCH_Tick   		CODE           	0BF8	0000	4
		_MTOUCH_Initialize		CODE           	0C5D	0000	13
		_MTOUCH_Service_Mainloop		CODE           	0DB4	0000	26
		_MTOUCH_needReburst		CODE           	0002	0000	3

mcc_generated_files/mtouch/mtouch.c estimated size: 46

/Applications/microchip/xc8/v2.05/pic/sources/c90/common/Umul8.c
		___bmul        		CODE           	0CEF	0000	19

/Applications/microchip/xc8/v2.05/pic/sources/c90/common/Umul8.c estimated size: 19

mcc_generated_files/pin_manager.c
		_PIN_MANAGER_Initialize		CODE           	0E01	0000	30

mcc_generated_files/pin_manager.c estimated size: 30

mcc_generated_files/mtouch/mtouch_sensor_scan.c
		_MTOUCH_CVD_ScanA_0		CODE           	0E3E	0000	33
		_MTOUCH_CVD_ScanB_0		CODE           	0F1E	0000	33
		_MTOUCH_CVD_ScanA_1		CODE           	0E5E	0000	33
		_MTOUCH_CVD_ScanB_1		CODE           	0F3E	0000	33
		_MTOUCH_CVD_ScanA_2		CODE           	0E7E	0000	33
		_MTOUCH_CVD_ScanB_2		CODE           	0F5E	0000	33
		_MTOUCH_CVD_ScanA_3		CODE           	0E9E	0000	33
		_MTOUCH_CVD_ScanB_3		CODE           	0F7E	0000	33
		_MTOUCH_CVD_ScanA_4		CODE           	0EBE	0000	33
		_MTOUCH_CVD_ScanB_4		CODE           	0F9E	0000	33
		_MTOUCH_CVD_ScanA_5		CODE           	0EDE	0000	33
		_MTOUCH_CVD_ScanB_5		CODE           	0FBE	0000	33
		_MTOUCH_CVD_ScanA_6		CODE           	0E1E	0000	33
		_MTOUCH_CVD_ScanB_6		CODE           	0EFE	0000	33

mcc_generated_files/mtouch/mtouch_sensor_scan.c estimated size: 462

/Applications/microchip/xc8/v2.05/pic/sources/c90/common/abs.c
		_abs           		CODE           	0C9E	0000	16

/Applications/microchip/xc8/v2.05/pic/sources/c90/common/abs.c estimated size: 16

shared
		i1_abs         		CODE           	0C81	0000	15
		Sensor_Scanfrequency_Evaluation@frequency_hop		STRCODE        	1000	0000	6
		__initialization		CODE           	0014	0000	67
		_mtouch_button_init		STRCODE        	0539	0000	97
		i1___bmul      		CODE           	0CCD	0000	18

shared estimated size: 203

mcc_generated_files/mcc.c
		_WDT_Initialize		CODE           	0BFB	0000	5
		_OSCILLATOR_Initialize		CODE           	07F5	0000	12
		_SYSTEM_Initialize		CODE           	0D13	0000	19

mcc_generated_files/mcc.c estimated size: 36

/Applications/microchip/xc8/v2.05/pic/sources/c90/common/lwmod.c
		___lwmod       		CODE           	0732	0000	46

/Applications/microchip/xc8/v2.05/pic/sources/c90/common/lwmod.c estimated size: 46

mcc_generated_files/eusart.c
		_EUSART_Write  		CODE           	0C1C	0000	9
		_EUSART_Initialize		CODE           	07D1	0000	37
		_EUSART_SetFramingErrorHandler		CODE           	0C10	0000	7
		_EUSART_SetErrorHandler		CODE           	0C0A	0000	7
		_EUSART_SetOverrunErrorHandler		CODE           	0C16	0000	7

mcc_generated_files/eusart.c estimated size: 67

main.c
		_main          		CODE           	0191	0000	139

main.c estimated size: 139

mcc_generated_files/mtouch/mtouch_sensor.c
		_Sensor_Acq_ExecutePacket		CODE           	032B	0000	112
		_Sensor_Acquisition		CODE           	0599	0000	82
		_MTOUCH_Sensor_Initialize		CODE           	0D38	0000	20
		_Sensor_Sampled_Reset		CODE           	0C48	0000	10
		_MTOUCH_Sensor_InitializeAll		CODE           	0CBD	0000	17
		_Sensor_DefaultCallback		CODE           	0BEF	0000	2
		_Sensor_isEnabled		CODE           	0C8F	0000	16
		_MTOUCH_Sensor_isCalibrated		CODE           	0BF0	0000	3
		_MTOUCH_Sensor_Calibrate		CODE           	0BEE	0000	2
		_MTOUCH_Sensor_Sampled_ResetAll		CODE           	0D73	0000	22
		_Sensor_setActive		CODE           	0C2D	0000	10
		_Sensor_Scanfrequency_Evaluation		CODE           	046E	0000	103
		_MTOUCH_Sensor_Enable		CODE           	0D25	0000	20
		_Sensor_Acq_ExecuteScan		CODE           	02A4	0000	136
		_Sensor_setSampled		CODE           	0C3F	0000	10
		_MTOUCH_Sensor_RawSample_Get		CODE           	0DCD	0000	27
		_MTOUCH_Sensor_SampleAll		CODE           	0D9E	0000	23
		_MTOUCH_Sensor_wasSampled		CODE           	0D88	0000	23
		_Sensor_Service		CODE           	0681	0000	68
		_Sensor_setScanFunction		CODE           	0D5F	0000	21
		_MTOUCH_Sensor_Scan_Initialize		CODE           	0C24	0000	10
		_Sensor_RawSample_Update		CODE           	0DE7	0000	27
		_Sensor_setInactive		CODE           	0C36	0000	10

mcc_generated_files/mtouch/mtouch_sensor.c estimated size: 774

